
> frontend@0.1.0 build
> next build

▲ Next.js 16.3.4 (Turbopack)
✓ Running next.config.ts took 12ms

  Creating an optimized production build ...
✓ Compiled successfully in 2.5s
  Running TypeScript ...
  Finished TypeScript in 1663ms ...
  Collecting page data using 14 workers ...
  Generating static pages using 14 workers (0/10) ...
  Generating static pages using 14 workers (2/10) 
  Generating static pages using 14 workers (4/10) 
  Generating static pages using 14 workers (7/10) 
✓ Generating static pages using 14 workers (10/10) in 282ms
  Finalizing page optimization ...

Route (app)
┌ ○ /
├ ○ /_not-found
├ ƒ /api/[...path]
├ ƒ /api/query/stream
├ ○ /debug
├ ○ /documents
├ ƒ /documents/[docId]
├ ○ /entities/review
├ ○ /graph
├ ○ /hubs
└ ○ /query


○  (Static)   prerendered as static content
ƒ  (Dynamic)  server-rendered on demand

