======================================================================
FAIL: test_cached_answers_recheck_snapshot_before_ordinary_and_stream_delivery (tests.test_query_delivery.QueryDeliveryTests.test_cached_answers_recheck_snapshot_before_ordinary_and_stream_delivery) (streaming=False)
----------------------------------------------------------------------
Traceback (most recent call last):
  File "/Users/blake/development/paperless-knowledge-graph/tests/test_query_delivery.py", line 148, in test_cached_answers_recheck_snapshot_before_ordinary_and_stream_delivery
    self.assertEqual(result["finalization"]["disposition"], "corpus_changed")
AssertionError: 'supported' != 'corpus_changed'
- supported
+ corpus_changed


======================================================================
FAIL: test_cached_answers_recheck_snapshot_before_ordinary_and_stream_delivery (tests.test_query_delivery.QueryDeliveryTests.test_cached_answers_recheck_snapshot_before_ordinary_and_stream_delivery) (streaming=True)
----------------------------------------------------------------------
Traceback (most recent call last):
  File "/Users/blake/development/paperless-knowledge-graph/tests/test_query_delivery.py", line 148, in test_cached_answers_recheck_snapshot_before_ordinary_and_stream_delivery
    self.assertEqual(result["finalization"]["disposition"], "corpus_changed")
AssertionError: 'supported' != 'corpus_changed'
- supported
+ corpus_changed


======================================================================
FAIL: test_cached_answers_recheck_incomplete_source_markers (tests.test_query_delivery.QueryDeliveryTests.test_cached_answers_recheck_incomplete_source_markers)
----------------------------------------------------------------------
Traceback (most recent call last):
  File "/Users/blake/.local/share/uv/python/cpython-3.12.13-macos-aarch64-none/lib/python3.12/asyncio/runners.py", line 118, in run
    return self._loop.run_until_complete(task)
           ^^^^^^^^^^^^^^^^^^^^^^^^^^^^^^^^^^^
  File "/Users/blake/.local/share/uv/python/cpython-3.12.13-macos-aarch64-none/lib/python3.12/asyncio/base_events.py", line 691, in run_until_complete
    return future.result()
           ^^^^^^^^^^^^^^^
  File "/Users/blake/development/paperless-knowledge-graph/tests/test_query_delivery.py", line 156, in test_cached_answers_recheck_incomplete_source_markers
    self.assertEqual(result["finalization"]["disposition"], "corpus_changed")
AssertionError: 'supported' != 'corpus_changed'
- supported
+ corpus_changed


----------------------------------------------------------------------
Ran 2 tests in 0.046s

FAILED (failures=3)
